2025-07-10 01:56:38,758 - INFO - app.core.security - LOGIN: user_id=4, email=dhanush777ss@gmail.com, time=2025-07-10T08:56:38.758711
2025-07-10 01:57:01,341 - INFO - app.core.security - LOGIN: user_id=1, email=dhanush777ss@gmail.com, time=2025-07-10T08:57:01.341607
2025-07-10 01:58:13,637 - INFO - app.core.security - LOGOUT: user_id=1, email=dhanush777ss@gmail.com, time=2025-07-10T08:58:13.637089
2025-07-10 01:59:40,490 - INFO - app.core.security - LOGIN: user_id=4, email=dhanush777ss@gmail.com, user_type=live, time=2025-07-10T08:59:40.490636
2025-07-10 01:59:54,657 - INFO - app.core.security - LOGOUT: user_id=4, email=dhanush777ss@gmail.com, user_type=live, time=2025-07-10T08:59:54.657560
2025-07-10 02:22:50,523 - INFO - app.core.security - LOGIN: user_id=1, email=dhanush777ss@gmail.com, user_type=demo, time=2025-07-10T09:22:50.523621
2025-07-10 02:46:44,033 - INFO - app.core.security - LOGOUT: user_id=1, email=dhanush777ss@gmail.com, user_type=demo, time=2025-07-10T09:46:44.033805
2025-07-10 02:46:49,927 - INFO - app.core.security - LOGIN: user_id=4, email=dhanush777ss@gmail.com, user_type=live, time=2025-07-10T09:46:49.927868
2025-07-10 03:05:23,991 - INFO - app.core.security - LOGIN: user_id=1, email=dhanush777ss@gmail.com, user_type=demo, time=2025-07-10T10:05:23.991768
2025-07-10 03:39:04,872 - INFO - app.core.security - LOGIN: user_id=1, email=dhanush777ss@gmail.com, user_type=demo, time=2025-07-10T10:39:04.872867
2025-07-10 03:50:22,821 - INFO - app.core.security - LOGIN: user_id=1, email=dhanush777ss@gmail.com, user_type=demo, time=2025-07-10T10:50:22.821711
2025-07-10 04:17:26,905 - INFO - app.core.security - LOGIN: user_id=11, email=admin@example.com, user_type=admin, time=2025-07-10T11:17:26.905765
2025-07-10 04:32:46,725 - INFO - app.core.security - LOGIN: user_id=1, email=dhanush777ss@gmail.com, user_type=demo, time=2025-07-10T11:32:46.725676
2025-07-10 04:54:24,811 - INFO - app.core.security - LOGIN: user_id=11, email=admin@example.com, user_type=admin, time=2025-07-10T11:54:24.811331
2025-07-10 05:13:29,694 - INFO - app.core.security - LOGIN: user_id=1, email=dhanush777ss@gmail.com, user_type=demo, time=2025-07-10T12:13:29.693976
2025-07-10 05:35:20,808 - INFO - app.core.security - LOGIN: user_id=4, email=dhanush777ss@gmail.com, user_type=live, time=2025-07-10T12:35:20.807877
2025-07-10 06:18:31,708 - INFO - app.core.security - LOGIN: user_id=4, email=dhanush777ss@gmail.com, user_type=live, time=2025-07-10T13:18:31.708011
2025-07-10 20:52:47,324 - ERROR - app.core.security - Authentication error in get_user_from_service_or_user_token: Could not validate credentials
Traceback (most recent call last):
  File "C:\Users\Dhanush\FASTAPI\app\core\security.py", line 94, in decode_token
    payload = jwt.decode(token, settings.SECRET_KEY, algorithms=[settings.ALGORITHM])
  File "C:\Users\Dhanush\FASTAPI\venv\Lib\site-packages\jose\jwt.py", line 174, in decode
    _validate_claims(
    ~~~~~~~~~~~~~~~~^
        claims,
        ^^^^^^^
    ...<5 lines>...
        options=defaults,
        ^^^^^^^^^^^^^^^^^
    )
    ^
  File "C:\Users\Dhanush\FASTAPI\venv\Lib\site-packages\jose\jwt.py", line 497, in _validate_claims
    _validate_exp(claims, leeway=leeway)
    ~~~~~~~~~~~~~^^^^^^^^^^^^^^^^^^^^^^^
  File "C:\Users\Dhanush\FASTAPI\venv\Lib\site-packages\jose\jwt.py", line 331, in _validate_exp
    raise ExpiredSignatureError("Signature has expired.")
jose.exceptions.ExpiredSignatureError: Signature has expired.

During handling of the above exception, another exception occurred:

Traceback (most recent call last):
  File "C:\Users\Dhanush\FASTAPI\app\core\security.py", line 382, in get_user_from_service_or_user_token
    payload = decode_token(token)
  File "C:\Users\Dhanush\FASTAPI\app\core\security.py", line 99, in decode_token
    raise JWTError("Could not validate credentials")
jose.exceptions.JWTError: Could not validate credentials
2025-07-10 20:52:47,378 - ERROR - app.core.security - Authentication error in get_user_from_service_or_user_token: Could not validate credentials
Traceback (most recent call last):
  File "C:\Users\Dhanush\FASTAPI\app\core\security.py", line 94, in decode_token
    payload = jwt.decode(token, settings.SECRET_KEY, algorithms=[settings.ALGORITHM])
  File "C:\Users\Dhanush\FASTAPI\venv\Lib\site-packages\jose\jwt.py", line 174, in decode
    _validate_claims(
    ~~~~~~~~~~~~~~~~^
        claims,
        ^^^^^^^
    ...<5 lines>...
        options=defaults,
        ^^^^^^^^^^^^^^^^^
    )
    ^
  File "C:\Users\Dhanush\FASTAPI\venv\Lib\site-packages\jose\jwt.py", line 497, in _validate_claims
    _validate_exp(claims, leeway=leeway)
    ~~~~~~~~~~~~~^^^^^^^^^^^^^^^^^^^^^^^
  File "C:\Users\Dhanush\FASTAPI\venv\Lib\site-packages\jose\jwt.py", line 331, in _validate_exp
    raise ExpiredSignatureError("Signature has expired.")
jose.exceptions.ExpiredSignatureError: Signature has expired.

During handling of the above exception, another exception occurred:

Traceback (most recent call last):
  File "C:\Users\Dhanush\FASTAPI\app\core\security.py", line 382, in get_user_from_service_or_user_token
    payload = decode_token(token)
  File "C:\Users\Dhanush\FASTAPI\app\core\security.py", line 99, in decode_token
    raise JWTError("Could not validate credentials")
jose.exceptions.JWTError: Could not validate credentials
2025-07-10 20:52:53,421 - INFO - app.core.security - LOGIN: user_id=4, email=dhanush777ss@gmail.com, user_type=live, time=2025-07-11T03:52:53.421602
2025-07-10 20:54:11,641 - INFO - app.core.security - LOGIN: user_id=4, email=dhanush777ss@gmail.com, user_type=live, time=2025-07-11T03:54:11.640997
2025-07-10 21:23:04,493 - INFO - app.core.security - LOGOUT: user_id=4, email=dhanush777ss@gmail.com, user_type=live, time=2025-07-11T04:23:04.493093
2025-07-10 21:23:31,900 - INFO - app.core.security - LOGIN: user_id=9, email=cursordemo3@gmail.com, user_type=live, time=2025-07-11T04:23:31.900654
2025-07-10 23:02:19,419 - INFO - app.core.security - LOGIN: user_id=9, email=cursordemo3@gmail.com, user_type=live, time=2025-07-11T06:02:19.418938
2025-07-10 23:04:55,395 - INFO - app.core.security - LOGOUT: user_id=9, email=cursordemo3@gmail.com, user_type=live, time=2025-07-11T06:04:55.395304
2025-07-10 23:05:15,150 - INFO - app.core.security - LOGIN: user_id=9, email=cursordemo3@gmail.com, user_type=live, time=2025-07-11T06:05:15.150858
2025-07-11 00:01:22,278 - INFO - app.core.security - LOGOUT: user_id=9, email=kodideladinesh123@gmail.com, user_type=live, time=2025-07-11T07:01:22.278192
2025-07-11 00:01:24,979 - INFO - app.core.security - LOGIN: user_id=14, email=cursordemo3@gmail.com, user_type=live, time=2025-07-11T07:01:24.979825
2025-07-11 00:07:34,700 - INFO - app.core.security - LOGOUT: user_id=14, email=cursordemo3@gmail.com, user_type=live, time=2025-07-11T07:07:34.700570
2025-07-11 00:07:37,780 - INFO - app.core.security - LOGIN: user_id=14, email=cursordemo3@gmail.com, user_type=live, time=2025-07-11T07:07:37.779951
2025-07-11 00:10:01,047 - INFO - app.core.security - LOGIN: user_id=14, email=cursordemo3@gmail.com, user_type=live, time=2025-07-11T07:10:01.047271
2025-07-13 21:47:57,676 - INFO - app.core.security - LOGIN: user_id=26, email=forworkcursor@gmail.com, user_type=live, time=2025-07-14T04:47:57.676652
2025-07-13 22:03:32,137 - INFO - app.core.security - LOGIN: user_id=26, email=forworkcursor@gmail.com, user_type=live, time=2025-07-14T05:03:32.137726
2025-07-13 22:22:08,108 - INFO - app.core.security - LOGOUT: user_id=26, email=forworkcursor@gmail.com, user_type=live, time=2025-07-14T05:22:08.108826
2025-07-13 22:22:12,118 - INFO - app.core.security - LOGIN: user_id=26, email=forworkcursor@gmail.com, user_type=live, time=2025-07-14T05:22:12.118910
2025-07-13 23:12:26,089 - INFO - app.core.security - LOGOUT: user_id=26, email=forworkcursor@gmail.com, user_type=live, time=2025-07-14T06:12:26.089349
2025-07-13 23:12:26,091 - INFO - app.core.security - LOGOUT: user_id=26, email=forworkcursor@gmail.com, user_type=live, time=2025-07-14T06:12:26.091726
2025-07-13 23:12:30,563 - INFO - app.core.security - LOGIN: user_id=26, email=forworkcursor@gmail.com, user_type=live, time=2025-07-14T06:12:30.562959
